
> yanxu-frontend@0.4.0 build
> vue-tsc --noEmit && vite build

vite v8.3.0 building client environment for production...
transforming...
✓ 7920 modules transformed.
rendering chunks...
computing gzip size...
dist/design-lab.html                               0.46 kB │ gzip:   0.34 kB
dist/design-option.html                            0.78 kB │ gzip:   0.42 kB
dist/index.html                                    1.25 kB │ gzip:   0.50 kB
dist/assets/css-x1XGuNl0.css                       0.00 kB │ gzip:   0.02 kB
dist/assets/OverviewPage-D5_dVssE.css              0.84 kB │ gzip:   0.25 kB
dist/assets/css-BAyktVMS.css                       0.92 kB │ gzip:   0.32 kB
dist/assets/style-DYng3Mnv.css                     0.95 kB │ gzip:   0.26 kB
dist/assets/style-Bjr-1vAo.css                     1.03 kB │ gzip:   0.34 kB
dist/assets/style-BeeDQMka.css                     1.45 kB │ gzip:   0.44 kB
dist/assets/style-BvbN-_xe.css                     1.61 kB │ gzip:   0.50 kB
dist/assets/MeetingListPage-By8FChlM.css           2.00 kB │ gzip:   0.53 kB
dist/assets/style-Bsp-knLV.css                     2.23 kB │ gzip:   0.57 kB
dist/assets/lab-CXtRUIWB.css                       2.87 kB │ gzip:   1.07 kB
dist/assets/css-BpDzfuC8.css                       3.41 kB │ gzip:   0.59 kB
dist/assets/css-DUbGnqO_.css                       3.54 kB │ gzip:   0.97 kB
dist/assets/RequestState-JT8rme8W.css              4.18 kB │ gzip:   1.04 kB
dist/assets/tab-B0bCJNoK.css                       4.78 kB │ gzip:   1.18 kB
dist/assets/PeoplePage-BsdIe0y8.css                5.93 kB │ gzip:   1.34 kB
dist/assets/style-BA7xg4CT.css                     6.18 kB │ gzip:   1.37 kB
dist/assets/field-D4vPvTRK.css                     7.11 kB │ gzip:   1.48 kB
dist/assets/css-CiUvAR8P.css                       8.20 kB │ gzip:   1.92 kB
dist/assets/AdminShell-DH-qPM6g.css               10.71 kB │ gzip:   1.85 kB
dist/assets/css-Nqb2n_Xn.css                      11.18 kB │ gzip:   1.86 kB
dist/assets/option-Bcg9L4CX.css                   11.46 kB │ gzip:   3.05 kB
dist/assets/shadcn-BDa36PwA.css                   24.96 kB │ gzip:   5.49 kB
dist/assets/css-Bzvq530A.css                      25.84 kB │ gzip:   3.75 kB
dist/assets/main-DyFdg096.css                     36.42 kB │ gzip:   7.70 kB
dist/assets/css-8CIyGlFB.css                      37.74 kB │ gzip:   5.33 kB
dist/assets/style-C_iF4x22.css                    54.04 kB │ gzip:  30.62 kB
dist/assets/tdesign-5MFZAgST.css                 109.18 kB │ gzip:  12.15 kB
dist/assets/css-Dctk1kPO.js                        0.02 kB │ gzip:   0.04 kB
dist/assets/typescript-DOc6skV4.js                 0.02 kB │ gzip:   0.04 kB
dist/assets/usePolling-CvpEwDyR.js                 0.47 kB │ gzip:   0.35 kB
dist/assets/style-C2IAq1bp.js                      0.62 kB │ gzip:   0.40 kB
dist/assets/presentation-kPAJwKnA.js               0.64 kB │ gzip:   0.52 kB
dist/assets/TabletQueue-BrMkPyw4.js                0.68 kB │ gzip:   0.50 kB
dist/assets/MeetingStatus-CESaYAc4.js              0.82 kB │ gzip:   0.51 kB
dist/assets/style-BYgMROhH.js                      0.89 kB │ gzip:   0.53 kB
dist/assets/_baseIteratee-6meVdCL9.js              1.17 kB │ gzip:   0.60 kB
dist/assets/AuditPage-CdzBifFI.js                  1.21 kB │ gzip:   0.83 kB
dist/assets/css-DzIAdIS1.js                        1.21 kB │ gzip:   0.54 kB
dist/assets/element-DNOf2ut7.js                    1.61 kB │ gzip:   0.78 kB
dist/assets/collapse-transition-BEUganth.js        1.61 kB │ gzip:   0.56 kB
dist/assets/pick-COWTEy3p.js                       1.72 kB │ gzip:   0.86 kB
dist/assets/style-FCyuKE2X.js                      1.81 kB │ gzip:   0.90 kB
dist/assets/DevicesPage-CqJ1dfFi.js                1.85 kB │ gzip:   1.13 kB
dist/assets/style-o1evMvuV.js                      1.96 kB │ gzip:   1.02 kB
dist/assets/lab-BIDuX3pF.js                        3.18 kB │ gzip:   1.83 kB
dist/assets/dist-CUtHJ48L.js                       3.31 kB │ gzip:   1.58 kB
dist/assets/OperationsPage-XWJz7ejA.js             3.43 kB │ gzip:   1.92 kB
dist/assets/omit-BldvL9jy.js                       3.52 kB │ gzip:   1.71 kB
dist/assets/OverviewPage-DJUg4CiX.js               3.60 kB │ gzip:   1.85 kB
dist/assets/preload-helper-o6YSNFgz.js             4.21 kB │ gzip:   1.88 kB
dist/assets/LoginPage-BoDNMl3a.js                  4.23 kB │ gzip:   2.27 kB
dist/assets/style-NHJr45-b.js                      4.35 kB │ gzip:   1.99 kB
dist/assets/ComponentsPage-CoZGIZw1.js             4.37 kB │ gzip:   2.25 kB
dist/assets/css-DQLVF20F.js                        4.39 kB │ gzip:   1.74 kB
dist/assets/RoutingPage-D17sX2gv.js                4.45 kB │ gzip:   2.09 kB
dist/assets/AccessPage-B0MBRWUG.js                 4.45 kB │ gzip:   2.11 kB
dist/assets/MeetingListPage-C-qzRxeT.js            4.49 kB │ gzip:   2.46 kB
dist/assets/cloneDeep-BZvhjr_W.js                  4.68 kB │ gzip:   1.89 kB
dist/assets/style-Ca62LLaj.js                      5.73 kB │ gzip:   1.88 kB
dist/assets/css-D7HGmGdI.js                        5.78 kB │ gzip:   2.51 kB
dist/assets/RequestState-unelZ8KK.js               8.51 kB │ gzip:   3.12 kB
dist/assets/TabletPage-Bmq36TeI.js                 8.83 kB │ gzip:   3.67 kB
dist/assets/field-CnKEiBeQ.js                      9.69 kB │ gzip:   3.92 kB
dist/assets/MeetingDetailPage-DSsD23d0.js         12.91 kB │ gzip:   5.04 kB
dist/assets/style-CbtQwodW.js                     14.05 kB │ gzip:   5.73 kB
dist/assets/css-CXESuE-n.js                       14.63 kB │ gzip:   5.39 kB
dist/assets/tab-BOFc6c79.js                       15.58 kB │ gzip:   6.35 kB
dist/assets/AdminShell-D1PRt10v.js                15.66 kB │ gzip:   6.04 kB
dist/assets/css-C6UB6xHN.js                       29.65 kB │ gzip:  10.07 kB
dist/assets/PeoplePage-7i4tNIfE.js                32.94 kB │ gzip:  11.39 kB
dist/assets/dist-YYEFDBQN.js                      34.98 kB │ gzip:  12.70 kB
dist/assets/option-SEJmv3Ix.js                    40.37 kB │ gzip:  16.13 kB
dist/assets/css-k8Xb4271.js                       82.33 kB │ gzip:  27.58 kB
dist/assets/main-BsXQypag.js                      85.11 kB │ gzip:  31.45 kB
dist/assets/css-DiyGXH6I.js                       89.74 kB │ gzip:  31.98 kB
dist/assets/runtime-dom.esm-bundler-C8uFT5Ul.js  111.11 kB │ gzip:  42.72 kB
dist/assets/shadcn-BQbez3xW.js                   133.21 kB │ gzip:  40.89 kB
dist/assets/tdesign-Z8jZyLI4.js                  197.83 kB │ gzip:  57.97 kB
dist/assets/browser-nZ3EKNmJ.js                  437.86 kB │ gzip: 164.51 kB

✓ built in 898ms
