
> yanxu-frontend@0.4.0 test:e2e
> playwright test


Running 16 tests using 1 worker

(node:51040) Warning: The 'NO_COLOR' env is ignored due to the 'FORCE_COLOR' env being set.
(Use `node --trace-warnings ...` to show where the warning was created)
  ✓   1 tests/e2e/design-lab.spec.ts:21:3 › element: 真实组件扫码、暂停、保存退出和自动处理 (11.6s)
  ✓   2 tests/e2e/design-lab.spec.ts:59:3 › element: 过期码、无效员工拒绝、保存故障恢复 (5.3s)
  ✓   3 tests/e2e/design-lab.spec.ts:114:3 › element: 平板与窄屏布局 (976ms)
  ✓   4 tests/e2e/design-lab.spec.ts:21:3 › shadcn: 真实组件扫码、暂停、保存退出和自动处理 (10.5s)
  ✓   5 tests/e2e/design-lab.spec.ts:59:3 › shadcn: 过期码、无效员工拒绝、保存故障恢复 (6.1s)
  ✓   6 tests/e2e/design-lab.spec.ts:114:3 › shadcn: 平板与窄屏布局 (1.2s)
  ✓   7 tests/e2e/design-lab.spec.ts:21:3 › tdesign: 真实组件扫码、暂停、保存退出和自动处理 (10.2s)
  ✓   8 tests/e2e/design-lab.spec.ts:59:3 › tdesign: 过期码、无效员工拒绝、保存故障恢复 (5.4s)
  ✓   9 tests/e2e/design-lab.spec.ts:114:3 › tdesign: 平板与窄屏布局 (1.0s)
  ✓  10 tests/e2e/design-lab.spec.ts:134:1 › 对比容器切换样式、外部模拟入口、重置 (3.8s)
  ✓  11 tests/e2e/prototype.spec.ts:42:1 › 正式组件完成扫码、自动退出、独立队列、手机更正不重发 (12.8s)
  ✓  12 tests/e2e/prototype.spec.ts:81:1 › 扫码过期可刷新，保存故障不假退出 (4.2s)
  ✓  13 tests/e2e/prototype.spec.ts:100:1 › 手机共享、换人只读、撤销后旧链接拒绝 (2.5s)
  ✓  14 tests/e2e/prototype.spec.ts:161:1 › AI自动重试失败后管理员接管，恢复继续自动发送 (14.0s)
  ✓  15 tests/e2e/prototype.spec.ts:186:1 › 后台路由和访问组使用正式表单，取消无变更 (3.4s)
  ✓  16 tests/e2e/prototype.spec.ts:220:1 › 手机宽度、组件状态和权限错误页面 (1.2s)

  16 passed (1.6m)
