
> yanxu-frontend@0.4.0 build
> vue-tsc --noEmit && vite build

vite v8.3.0 building client environment for production...
transforming...
✓ 7988 modules transformed.
rendering chunks...
computing gzip size...
dist/prototype.html                                0.53 kB │ gzip:   0.35 kB
dist/design-lab.html                               0.53 kB │ gzip:   0.36 kB
dist/design-option.html                            0.94 kB │ gzip:   0.44 kB
dist/index.html                                    1.56 kB │ gzip:   0.55 kB
dist/phase-one.html                                2.25 kB │ gzip:   0.65 kB
dist/assets/zh-cn-x1XGuNl0.css                     0.00 kB │ gzip:   0.02 kB
dist/assets/OverviewPage-D5_dVssE.css              0.84 kB │ gzip:   0.25 kB
dist/assets/css-BAyktVMS.css                       0.92 kB │ gzip:   0.32 kB
dist/assets/style-DYng3Mnv.css                     0.95 kB │ gzip:   0.26 kB
dist/assets/style-Bjr-1vAo.css                     1.03 kB │ gzip:   0.34 kB
dist/assets/style-BeeDQMka.css                     1.45 kB │ gzip:   0.44 kB
dist/assets/css-B0_1wuTg.css                       1.57 kB │ gzip:   0.52 kB
dist/assets/style-BvbN-_xe.css                     1.61 kB │ gzip:   0.50 kB
dist/assets/MeetingListPage-By8FChlM.css           2.00 kB │ gzip:   0.53 kB
dist/assets/style-Bsp-knLV.css                     2.23 kB │ gzip:   0.57 kB
dist/assets/RequestState-B4Ry0ltB.css              2.61 kB │ gzip:   0.67 kB
dist/assets/css-BpDzfuC8.css                       3.41 kB │ gzip:   0.59 kB
dist/assets/css-DUbGnqO_.css                       3.54 kB │ gzip:   0.97 kB
dist/assets/Lab-SeFjXMqQ.css                       3.62 kB │ gzip:   1.26 kB
dist/assets/tab-B0bCJNoK.css                       4.78 kB │ gzip:   1.18 kB
dist/assets/PeoplePage-BsdIe0y8.css                5.93 kB │ gzip:   1.34 kB
dist/assets/style-BA7xg4CT.css                     6.18 kB │ gzip:   1.37 kB
dist/assets/field-D4vPvTRK.css                     7.11 kB │ gzip:   1.48 kB
dist/assets/css-CiUvAR8P.css                       8.20 kB │ gzip:   1.92 kB
dist/assets/AdminShell-DH-qPM6g.css               10.71 kB │ gzip:   1.85 kB
dist/assets/css-Nqb2n_Xn.css                      11.18 kB │ gzip:   1.86 kB
dist/assets/option-Bcg9L4CX.css                   11.46 kB │ gzip:   3.05 kB
dist/assets/phaseOne-Cehbszek.css                 15.08 kB │ gzip:   3.65 kB
dist/assets/full-DtpsU8v6.css                     18.04 kB │ gzip:   3.99 kB
dist/assets/css-Bzvq530A.css                      25.84 kB │ gzip:   3.75 kB
dist/assets/shadcn-CsQ1ARd2.css                   28.27 kB │ gzip:   6.04 kB
dist/assets/main-DyFdg096.css                     36.42 kB │ gzip:   7.70 kB
dist/assets/css-8CIyGlFB.css                      37.74 kB │ gzip:   5.33 kB
dist/assets/style-C_iF4x22.css                    54.04 kB │ gzip:  30.62 kB
dist/assets/tdesign-5MFZAgST.css                 109.18 kB │ gzip:  12.15 kB
dist/assets/css-B3bdYZlk.js                        0.02 kB │ gzip:   0.04 kB
dist/assets/typescript-DOc6skV4.js                 0.02 kB │ gzip:   0.04 kB
dist/assets/cloneDeep-BpwBH8fb.js                  0.10 kB │ gzip:   0.11 kB
dist/assets/lab-DsxXy1Q5.js                        0.11 kB │ gzip:   0.11 kB
dist/assets/prototype-BwBaPs5_.js                  0.12 kB │ gzip:   0.13 kB
dist/assets/chevron-down-DV6eJ7Ad.js               0.13 kB │ gzip:   0.14 kB
dist/assets/full-B1Ql8Z85.js                       0.44 kB │ gzip:   0.27 kB
dist/assets/usePolling-CvpEwDyR.js                 0.47 kB │ gzip:   0.35 kB
dist/assets/style-Dld-lvp2.js                      0.62 kB │ gzip:   0.40 kB
dist/assets/presentation-kPAJwKnA.js               0.64 kB │ gzip:   0.52 kB
dist/assets/TabletQueue-DccAaTKD.js                0.68 kB │ gzip:   0.50 kB
dist/assets/rolldown-runtime-hePW80VL.js           0.71 kB │ gzip:   0.42 kB
dist/assets/MeetingStatus-URZwuil1.js              0.82 kB │ gzip:   0.50 kB
dist/assets/style-CUe5sJOo.js                      0.89 kB │ gzip:   0.53 kB
dist/assets/_baseIteratee-6meVdCL9.js              1.17 kB │ gzip:   0.60 kB
dist/assets/css-fLg6vJp9.js                        1.21 kB │ gzip:   0.54 kB
dist/assets/AuditPage-8jU3pwD1.js                  1.25 kB │ gzip:   0.85 kB
dist/assets/collapse-transition-rdart2ES.js        1.61 kB │ gzip:   0.56 kB
dist/assets/pick-COWTEy3p.js                       1.72 kB │ gzip:   0.86 kB
dist/assets/css-1p37n3rB.js                        1.75 kB │ gzip:   0.91 kB
dist/assets/style-_OH_NDxh.js                      1.81 kB │ gzip:   0.91 kB
dist/assets/DevicesPage-kNPiG9FE.js                1.88 kB │ gzip:   1.14 kB
dist/assets/style-C08UlBc4.js                      1.96 kB │ gzip:   1.02 kB
dist/assets/element-CwKP0Qu_.js                    3.08 kB │ gzip:   1.18 kB
dist/assets/OperationsPage-DuWSym1L.js             3.47 kB │ gzip:   1.93 kB
dist/assets/preload-helper-CJ_nAUf5.js             3.50 kB │ gzip:   1.54 kB
dist/assets/omit-BbuJcfga.js                       3.52 kB │ gzip:   1.71 kB
dist/assets/OverviewPage-B_PPA5E9.js               3.64 kB │ gzip:   1.87 kB
dist/assets/LoginPage-Ch5WY9l8.js                  4.27 kB │ gzip:   2.29 kB
dist/assets/style-DQ9QKqat.js                      4.35 kB │ gzip:   1.99 kB
dist/assets/css-CahRMcCn.js                        4.39 kB │ gzip:   1.75 kB
dist/assets/ComponentsPage-B3UDzAqb.js             4.40 kB │ gzip:   2.26 kB
dist/assets/RoutingPage-D_DYPmvD.js                4.49 kB │ gzip:   2.11 kB
dist/assets/AccessPage-q1ol2xLV.js                 4.49 kB │ gzip:   2.13 kB
dist/assets/MeetingListPage-CTFdctHT.js            4.49 kB │ gzip:   2.45 kB
dist/assets/_baseClone-BSAZb4a2.js                 4.62 kB │ gzip:   1.87 kB
dist/assets/zh-cn-CYhwkXFa.js                      4.64 kB │ gzip:   2.27 kB
dist/assets/option-BY7tTBVX.js                     4.75 kB │ gzip:   2.12 kB
dist/assets/Lab-CihI6RVW.js                        5.10 kB │ gzip:   2.58 kB
dist/assets/style-BBZSIk-k.js                      5.73 kB │ gzip:   1.88 kB
dist/assets/css-aLn2RjL2.js                        5.78 kB │ gzip:   2.51 kB
dist/assets/RequestState-C3rkkQHH.js               6.95 kB │ gzip:   2.49 kB
dist/assets/TabletPage-Bg1XG4AN.js                 8.90 kB │ gzip:   3.69 kB
dist/assets/dist-Dc1ZxFH-.js                       9.54 kB │ gzip:   4.00 kB
dist/assets/field-C15q6O2u.js                      9.69 kB │ gzip:   3.92 kB
dist/assets/MeetingDetailPage-DyQ8lRSq.js         12.91 kB │ gzip:   5.04 kB
dist/assets/style-DER3Ogiq.js                     14.05 kB │ gzip:   5.73 kB
dist/assets/css-BENeaWlr.js                       14.63 kB │ gzip:   5.38 kB
dist/assets/tab-5BYQ4yXJ.js                       15.58 kB │ gzip:   6.35 kB
dist/assets/AdminShell-J08Pwzau.js                15.67 kB │ gzip:   6.03 kB
dist/assets/phaseOne-CMK_S9NL.js                  20.49 kB │ gzip:   7.98 kB
dist/assets/css-DkqSbyzw.js                       29.65 kB │ gzip:  10.06 kB
dist/assets/PeoplePage-0w4ItBn6.js                33.01 kB │ gzip:  11.43 kB
dist/assets/dist-YYEFDBQN.js                      34.98 kB │ gzip:  12.70 kB
dist/assets/option-wdKgFU9E.js                    36.64 kB │ gzip:  14.61 kB
dist/assets/FullOption-Dh6G4Lbg.js                39.60 kB │ gzip:  13.79 kB
dist/assets/main-F9wJVAYj.js                      80.98 kB │ gzip:  29.75 kB
dist/assets/css-3Pulqpjs.js                       82.32 kB │ gzip:  27.60 kB
dist/assets/css-BXVUkTSM.js                       83.95 kB │ gzip:  29.92 kB
dist/assets/runtime-dom.esm-bundler-C8uFT5Ul.js  111.11 kB │ gzip:  42.72 kB
dist/assets/shadcn-CFh4hLks.js                   147.08 kB │ gzip:  43.94 kB
dist/assets/tdesign-3A3khqCK.js                  197.83 kB │ gzip:  57.97 kB
dist/assets/browser-BtubHjbL.js                  437.87 kB │ gzip: 164.51 kB

✓ built in 890ms
