
> yanxu-frontend@0.4.0 test:e2e
> playwright test


Running 23 tests using 1 worker

(node:4538) Warning: The 'NO_COLOR' env is ignored due to the 'FORCE_COLOR' env being set.
(Use `node --trace-warnings ...` to show where the warning was created)
  ✓   1 tests/e2e/design-full.spec.ts:71:3 › element完整: 录音跨端查阅、五类资料、校验、更正不重发 (13.0s)
  ✓   2 tests/e2e/design-full.spec.ts:173:3 › element完整: 共享只读、撤销、账号拒绝与手机宽度 (7.1s)
  ✘   3 tests/e2e/design-full.spec.ts:232:3 › element完整: 后台全模块、真实配置表单、异常恢复与审计 (45.2s)
(node:8886) Warning: The 'NO_COLOR' env is ignored due to the 'FORCE_COLOR' env being set.
(Use `node --trace-warnings ...` to show where the warning was created)
  ✓   4 tests/e2e/design-full.spec.ts:71:3 › shadcn完整: 录音跨端查阅、五类资料、校验、更正不重发 (12.7s)
  ✓   5 tests/e2e/design-full.spec.ts:173:3 › shadcn完整: 共享只读、撤销、账号拒绝与手机宽度 (6.7s)
  ✓   6 tests/e2e/design-full.spec.ts:232:3 › shadcn完整: 后台全模块、真实配置表单、异常恢复与审计 (17.8s)
  ✓   7 tests/e2e/design-full.spec.ts:373:1 › 完整对比容器: 只显示A/B，切换端不丢数据，切换方案保留所选业务端 (1.6s)
  ✓   8 tests/e2e/design-lab.spec.ts:21:3 › element: 真实组件扫码、暂停、保存退出和自动处理 (10.1s)
  ✓   9 tests/e2e/design-lab.spec.ts:59:3 › element: 过期码、无效员工拒绝、保存故障恢复 (6.4s)
  ✓  10 tests/e2e/design-lab.spec.ts:114:3 › element: 平板与窄屏布局 (858ms)
  ✓  11 tests/e2e/design-lab.spec.ts:21:3 › shadcn: 真实组件扫码、暂停、保存退出和自动处理 (10.5s)
  ✓  12 tests/e2e/design-lab.spec.ts:59:3 › shadcn: 过期码、无效员工拒绝、保存故障恢复 (6.2s)
  ✓  13 tests/e2e/design-lab.spec.ts:114:3 › shadcn: 平板与窄屏布局 (835ms)
  ✓  14 tests/e2e/design-lab.spec.ts:21:3 › tdesign: 真实组件扫码、暂停、保存退出和自动处理 (9.5s)
  ✓  15 tests/e2e/design-lab.spec.ts:59:3 › tdesign: 过期码、无效员工拒绝、保存故障恢复 (6.4s)
  ✓  16 tests/e2e/design-lab.spec.ts:114:3 › tdesign: 平板与窄屏布局 (854ms)
  ✓  17 tests/e2e/design-lab.spec.ts:134:1 › 对比容器切换样式、外部模拟入口、重置 (2.1s)
  ✓  18 tests/e2e/prototype.spec.ts:42:1 › 正式组件完成扫码、自动退出、独立队列、手机更正不重发 (11.2s)
  ✓  19 tests/e2e/prototype.spec.ts:81:1 › 扫码过期可刷新，保存故障不假退出 (4.1s)
  ✓  20 tests/e2e/prototype.spec.ts:100:1 › 手机共享、换人只读、撤销后旧链接拒绝 (2.9s)
  ✓  21 tests/e2e/prototype.spec.ts:161:1 › AI自动重试失败后管理员接管，恢复继续自动发送 (14.1s)
  ✓  22 tests/e2e/prototype.spec.ts:186:1 › 后台路由和访问组使用正式表单，取消无变更 (3.4s)
  ✓  23 tests/e2e/prototype.spec.ts:220:1 › 手机宽度、组件状态和权限错误页面 (1.5s)


  1) tests/e2e/design-full.spec.ts:232:3 › element完整: 后台全模块、真实配置表单、异常恢复与审计 ─────────────────────────

    Test timeout of 45000ms exceeded.

    Error: locator.check: Test timeout of 45000ms exceeded.
    Call log:
      - waiting for getByRole('checkbox', { name: '陈同事', exact: true })
        - locator resolved to <input type="checkbox" class="el-checkbox__original"/>
      - attempting click action
        2 × waiting for element to be visible, enabled and stable
          - element is not stable
        - retrying click action
        - waiting 20ms
        2 × waiting for element to be visible, enabled and stable
          - element is not stable
        - retrying click action
          - waiting 100ms
        66 × waiting for element to be visible, enabled and stable
           - element is not visible
         - retrying click action
           - waiting 500ms


      288 |       .click();
      289 |     const check = page.getByRole("checkbox", { name: "陈同事", exact: true });
    > 290 |     await check.check();
          |                 ^
      291 |     await snap(page, variant, "admin-group-dialog");
      292 |     await page
      293 |       .getByRole("button", { name: "确认成员变更", exact: true })
        at /Users/alec/嘉谏言序/frontend/tests/e2e/design-full.spec.ts:290:17

    attachment #1: screenshot (image/png) ──────────────────────────────────────────────────────────
    test-results/design-full-element完整-后台全模块、真实配置表单、异常恢复与审计/test-failed-1.png
    ────────────────────────────────────────────────────────────────────────────────────────────────

    Error Context: test-results/design-full-element完整-后台全模块、真实配置表单、异常恢复与审计/error-context.md

    attachment #3: trace (application/zip) ─────────────────────────────────────────────────────────
    test-results/design-full-element完整-后台全模块、真实配置表单、异常恢复与审计/trace.zip
    Usage:

        npx playwright show-trace test-results/design-full-element完整-后台全模块、真实配置表单、异常恢复与审计/trace.zip

    ────────────────────────────────────────────────────────────────────────────────────────────────

  1 failed
    tests/e2e/design-full.spec.ts:232:3 › element完整: 后台全模块、真实配置表单、异常恢复与审计 ──────────────────────────
  22 passed (3.3m)
