
> yanxu-frontend@0.4.0 build
> vue-tsc --noEmit && vite build

vite v8.3.0 building client environment for production...
transforming...
✓ 2246 modules transformed.
rendering chunks...
computing gzip size...
dist/index.html                                1.15 kB │ gzip:   0.46 kB
dist/assets/css-x1XGuNl0.css                   0.00 kB │ gzip:   0.02 kB
dist/assets/css-Wv38huFO.css                   0.16 kB │ gzip:   0.13 kB
dist/assets/OverviewPage-D5_dVssE.css          0.84 kB │ gzip:   0.25 kB
dist/assets/css-BAyktVMS.css                   0.92 kB │ gzip:   0.32 kB
dist/assets/style-DYng3Mnv.css                 0.95 kB │ gzip:   0.26 kB
dist/assets/style-Bjr-1vAo.css                 1.03 kB │ gzip:   0.34 kB
dist/assets/style-BeeDQMka.css                 1.45 kB │ gzip:   0.44 kB
dist/assets/style-BvbN-_xe.css                 1.61 kB │ gzip:   0.50 kB
dist/assets/MeetingListPage-By8FChlM.css       2.00 kB │ gzip:   0.53 kB
dist/assets/style-Bsp-knLV.css                 2.23 kB │ gzip:   0.57 kB
dist/assets/css-BpDzfuC8.css                   3.41 kB │ gzip:   0.59 kB
dist/assets/css-DUbGnqO_.css                   3.54 kB │ gzip:   0.97 kB
dist/assets/RequestState-JT8rme8W.css          4.18 kB │ gzip:   1.04 kB
dist/assets/tab-B0bCJNoK.css                   4.78 kB │ gzip:   1.18 kB
dist/assets/PeoplePage-BsdIe0y8.css            5.93 kB │ gzip:   1.34 kB
dist/assets/style-BA7xg4CT.css                 6.18 kB │ gzip:   1.37 kB
dist/assets/field-D4vPvTRK.css                 7.11 kB │ gzip:   1.48 kB
dist/assets/AdminShell-DH-qPM6g.css           10.71 kB │ gzip:   1.85 kB
dist/assets/css-Nqb2n_Xn.css                  11.18 kB │ gzip:   1.86 kB
dist/assets/css-CJk_uftg.css                  13.87 kB │ gzip:   2.78 kB
dist/assets/css-ZSOkJyjJ.css                  19.89 kB │ gzip:   2.13 kB
dist/assets/css-Bzvq530A.css                  25.84 kB │ gzip:   3.75 kB
dist/assets/index-DANYhKuE.css                48.43 kB │ gzip:   9.81 kB
dist/assets/style-C_iF4x22.css                54.04 kB │ gzip:  30.62 kB
dist/assets/typescript-DOc6skV4.js             0.02 kB │ gzip:   0.04 kB
dist/assets/css-DcvNZcT6.js                    0.05 kB │ gzip:   0.06 kB
dist/assets/usePolling-Vue5md9s.js             0.45 kB │ gzip:   0.33 kB
dist/assets/style-UjLIlEV8.js                  0.60 kB │ gzip:   0.39 kB
dist/assets/TabletQueue-GsNhDsho.js            0.63 kB │ gzip:   0.46 kB
dist/assets/vnode-CgV9yuiu.js                  0.66 kB │ gzip:   0.40 kB
dist/assets/style-KRuQAwdB.js                  0.87 kB │ gzip:   0.52 kB
dist/assets/AuditPage-DyhxyiP6.js              1.16 kB │ gzip:   0.79 kB
dist/assets/css-DntUrNiD.js                    1.20 kB │ gzip:   0.52 kB
dist/assets/MeetingStatus-COWCK5mw.js          1.36 kB │ gzip:   0.90 kB
dist/assets/collapse-transition-C6GBf-sO.js    1.56 kB │ gzip:   0.52 kB
dist/assets/style-6cwvwh_o.js                  1.79 kB │ gzip:   0.89 kB
dist/assets/DevicesPage-D2I-47st.js            1.79 kB │ gzip:   1.09 kB
dist/assets/style-nPvbWBa3.js                  1.95 kB │ gzip:   1.00 kB
dist/assets/use-composition-CW1UF4NA.js        2.17 kB │ gzip:   1.04 kB
dist/assets/OperationsPage-DgOZMHav.js         3.34 kB │ gzip:   1.86 kB
dist/assets/OverviewPage-B7cYlkqw.js           3.48 kB │ gzip:   1.78 kB
dist/assets/LoginPage-Cjm2OuC5.js              4.15 kB │ gzip:   2.22 kB
dist/assets/ComponentsPage-qMy4rBzR.js         4.32 kB │ gzip:   2.20 kB
dist/assets/style-CjQ8U6IO.js                  4.33 kB │ gzip:   1.98 kB
dist/assets/RoutingPage-CmwDrFXt.js            4.37 kB │ gzip:   2.04 kB
dist/assets/AccessPage-BlMh6a-M.js             4.37 kB │ gzip:   2.07 kB
dist/assets/css-dK427HZY.js                    4.37 kB │ gzip:   1.73 kB
dist/assets/MeetingListPage-CQ1zvJAn.js        4.40 kB │ gzip:   2.41 kB
dist/assets/raf-ChZusWkv.js                    5.48 kB │ gzip:   2.28 kB
dist/assets/style-DsZia_aQ.js                  5.71 kB │ gzip:   1.87 kB
dist/assets/css-CpwqffIN.js                    5.87 kB │ gzip:   2.55 kB
dist/assets/css-CFVJkE7L.js                    6.01 kB │ gzip:   2.42 kB
dist/assets/RequestState-Cu4mb9_s.js           8.45 kB │ gzip:   3.09 kB
dist/assets/TabletPage-BFYUOalp.js             8.75 kB │ gzip:   3.61 kB
dist/assets/field-DAO_EyKs.js                  9.67 kB │ gzip:   3.90 kB
dist/assets/MeetingDetailPage-DWnKN5QE.js     12.82 kB │ gzip:   5.00 kB
dist/assets/focus-trap-BdnvT3F6.js            13.76 kB │ gzip:   5.53 kB
dist/assets/style-DcDYvTGC.js                 14.05 kB │ gzip:   5.74 kB
dist/assets/css-CJhtZgwz.js                   14.70 kB │ gzip:   5.39 kB
dist/assets/tab-BpCYh-7G.js                   15.56 kB │ gzip:   6.35 kB
dist/assets/AdminShell-ByCroSdX.js            15.66 kB │ gzip:   6.03 kB
dist/assets/css-CqLe0nI8.js                   30.94 kB │ gzip:  11.83 kB
dist/assets/PeoplePage-voH7k6sW.js            32.93 kB │ gzip:  11.37 kB
dist/assets/css-B99BjWrz.js                   85.70 kB │ gzip:  29.02 kB
dist/assets/css-CCKrku1m.js                  106.72 kB │ gzip:  41.07 kB
dist/assets/index-BGoRi0GM.js                167.81 kB │ gzip:  58.82 kB
dist/assets/browser-CW21gOQx.js              437.75 kB │ gzip: 164.44 kB

✓ built in 464ms
