src/App.vue 69ms
src/components/DemoControls.vue 21ms
src/components/MeetingEditor.vue 17ms
src/components/MeetingStatus.vue 5ms
src/components/RequestState.vue 6ms
src/components/SharingPanel.vue 15ms
src/components/TabletQueue.vue 4ms
src/composables/session.ts 4ms
src/composables/usePolling.ts 3ms
src/domain/presentation.ts 2ms
src/domain/types.ts 5ms
src/main.ts 2ms
src/mocks/browser.ts 1ms
src/mocks/database.ts 28ms
src/mocks/fixtures.ts 3ms
src/mocks/handlers.ts 8ms
src/pages/admin/AccessPage.vue 17ms
src/pages/admin/AdminShell.vue 4ms
src/pages/admin/AuditPage.vue 4ms
src/pages/admin/DevicesPage.vue 4ms
src/pages/admin/OperationsPage.vue 9ms
src/pages/admin/OverviewPage.vue 6ms
src/pages/admin/PeoplePage.vue 15ms
src/pages/admin/RoutingPage.vue 14ms
src/pages/ComponentsPage.vue 11ms
src/pages/LoginPage.vue 10ms
src/pages/MeetingDetailPage.vue 20ms
src/pages/MeetingListPage.vue 7ms
src/router.ts 3ms
src/services/api.ts 5ms
src/services/http.ts 3ms
src/styles/app.css 44ms
src/styles/tokens.css 3ms
tests/database.test.ts 12ms
tests/e2e/prototype.spec.ts 12ms
tests/http.test.ts 3ms
vite.config.ts 2ms
playwright.config.ts 1ms
tsconfig.json 1ms
