
> yanxu-frontend@0.4.0 build
> vue-tsc --noEmit && vite build

vite v8.3.0 building client environment for production...
transforming...
✓ 7976 modules transformed.
rendering chunks...
computing gzip size...
dist/prototype.html                                0.53 kB │ gzip:   0.35 kB
dist/design-lab.html                               0.53 kB │ gzip:   0.36 kB
dist/design-option.html                            0.85 kB │ gzip:   0.43 kB
dist/index.html                                    1.41 kB │ gzip:   0.52 kB
dist/assets/css-x1XGuNl0.css                       0.00 kB │ gzip:   0.02 kB
dist/assets/OverviewPage-D5_dVssE.css              0.84 kB │ gzip:   0.25 kB
dist/assets/css-BAyktVMS.css                       0.92 kB │ gzip:   0.32 kB
dist/assets/style-DYng3Mnv.css                     0.95 kB │ gzip:   0.26 kB
dist/assets/style-Bjr-1vAo.css                     1.03 kB │ gzip:   0.34 kB
dist/assets/style-BeeDQMka.css                     1.45 kB │ gzip:   0.44 kB
dist/assets/style-BvbN-_xe.css                     1.61 kB │ gzip:   0.50 kB
dist/assets/MeetingListPage-By8FChlM.css           2.00 kB │ gzip:   0.53 kB
dist/assets/style-Bsp-knLV.css                     2.23 kB │ gzip:   0.57 kB
dist/assets/css-BpDzfuC8.css                       3.41 kB │ gzip:   0.59 kB
dist/assets/css-DUbGnqO_.css                       3.54 kB │ gzip:   0.97 kB
dist/assets/Lab-SeFjXMqQ.css                       3.62 kB │ gzip:   1.26 kB
dist/assets/RequestState-JT8rme8W.css              4.18 kB │ gzip:   1.04 kB
dist/assets/tab-B0bCJNoK.css                       4.78 kB │ gzip:   1.18 kB
dist/assets/PeoplePage-BsdIe0y8.css                5.93 kB │ gzip:   1.34 kB
dist/assets/style-BA7xg4CT.css                     6.18 kB │ gzip:   1.37 kB
dist/assets/field-D4vPvTRK.css                     7.11 kB │ gzip:   1.48 kB
dist/assets/css-CiUvAR8P.css                       8.20 kB │ gzip:   1.92 kB
dist/assets/AdminShell-DH-qPM6g.css               10.71 kB │ gzip:   1.85 kB
dist/assets/css-Nqb2n_Xn.css                      11.18 kB │ gzip:   1.86 kB
dist/assets/option-Bcg9L4CX.css                   11.46 kB │ gzip:   3.05 kB
dist/assets/FullOption-DtpsU8v6.css               18.04 kB │ gzip:   3.99 kB
dist/assets/css-Bzvq530A.css                      25.84 kB │ gzip:   3.75 kB
dist/assets/shadcn-CsQ1ARd2.css                   28.27 kB │ gzip:   6.04 kB
dist/assets/main-DyFdg096.css                     36.42 kB │ gzip:   7.70 kB
dist/assets/css-8CIyGlFB.css                      37.74 kB │ gzip:   5.33 kB
dist/assets/style-C_iF4x22.css                    54.04 kB │ gzip:  30.62 kB
dist/assets/tdesign-5MFZAgST.css                 109.18 kB │ gzip:  12.15 kB
dist/assets/css-C4PAv9DX.js                        0.02 kB │ gzip:   0.04 kB
dist/assets/typescript-DOc6skV4.js                 0.02 kB │ gzip:   0.04 kB
dist/assets/cloneDeep-OBCo4LdY.js                  0.10 kB │ gzip:   0.11 kB
dist/assets/lab-DsxXy1Q5.js                        0.11 kB │ gzip:   0.11 kB
dist/assets/prototype-BwBaPs5_.js                  0.12 kB │ gzip:   0.13 kB
dist/assets/_baseFindIndex-1gERrira.js             0.27 kB │ gzip:   0.23 kB
dist/assets/usePolling-CvpEwDyR.js                 0.47 kB │ gzip:   0.35 kB
dist/assets/style-hsu1p962.js                      0.62 kB │ gzip:   0.40 kB
dist/assets/presentation-kPAJwKnA.js               0.64 kB │ gzip:   0.52 kB
dist/assets/TabletQueue-uclr2mZn.js                0.68 kB │ gzip:   0.50 kB
dist/assets/MeetingStatus-D5nY1bIi.js              0.82 kB │ gzip:   0.51 kB
dist/assets/style-DAIYqoTD.js                      0.89 kB │ gzip:   0.52 kB
dist/assets/_baseIteratee-CDgL90eH.js              1.18 kB │ gzip:   0.60 kB
dist/assets/AuditPage-BY9KROGX.js                  1.21 kB │ gzip:   0.83 kB
dist/assets/css-CvxpY2aW.js                        1.21 kB │ gzip:   0.54 kB
dist/assets/collapse-transition-DkgqIprk.js        1.61 kB │ gzip:   0.55 kB
dist/assets/pick-BCGMbnbW.js                       1.72 kB │ gzip:   0.86 kB
dist/assets/style-D_R8litU.js                      1.81 kB │ gzip:   0.90 kB
dist/assets/DevicesPage-DQ8vWrzS.js                1.85 kB │ gzip:   1.12 kB
dist/assets/style-B1mKYNmt.js                      1.96 kB │ gzip:   1.01 kB
dist/assets/check-6s4LV4rn.js                      2.62 kB │ gzip:   1.34 kB
dist/assets/element-CFkabhZq.js                    3.08 kB │ gzip:   1.18 kB
dist/assets/OperationsPage-7OR2iU-h.js             3.43 kB │ gzip:   1.92 kB
dist/assets/omit-tWMNwr3K.js                       3.52 kB │ gzip:   1.71 kB
dist/assets/OverviewPage-BNDgGaFI.js               3.60 kB │ gzip:   1.85 kB
dist/assets/preload-helper-o6YSNFgz.js             4.21 kB │ gzip:   1.88 kB
dist/assets/LoginPage-Czm5A4zY.js                  4.23 kB │ gzip:   2.27 kB
dist/assets/style-4tGaiTti.js                      4.35 kB │ gzip:   1.99 kB
dist/assets/ComponentsPage-DOcRNVmu.js             4.37 kB │ gzip:   2.25 kB
dist/assets/css-Ck0Gx8Nq.js                        4.39 kB │ gzip:   1.74 kB
dist/assets/RoutingPage-BDdadmHy.js                4.45 kB │ gzip:   2.09 kB
dist/assets/AccessPage-O8SpGdKY.js                 4.45 kB │ gzip:   2.11 kB
dist/assets/MeetingListPage-CLuu-MlX.js            4.49 kB │ gzip:   2.46 kB
dist/assets/Lab-CihI6RVW.js                        5.10 kB │ gzip:   2.58 kB
dist/assets/_baseClone-DA5MRsXb.js                 5.14 kB │ gzip:   2.12 kB
dist/assets/style-DM9eRCJk.js                      5.73 kB │ gzip:   1.88 kB
dist/assets/css-C2PwG8QK.js                        5.78 kB │ gzip:   2.51 kB
dist/assets/RequestState-DfOGEKkm.js               8.51 kB │ gzip:   3.12 kB
dist/assets/TabletPage-DsZJYsxF.js                 8.83 kB │ gzip:   3.66 kB
dist/assets/dist-Dc1ZxFH-.js                       9.54 kB │ gzip:   4.00 kB
dist/assets/field-Dbr5ji-v.js                      9.69 kB │ gzip:   3.92 kB
dist/assets/MeetingDetailPage-DjgBnbyV.js         12.91 kB │ gzip:   5.04 kB
dist/assets/style-BVl4AGnx.js                     14.05 kB │ gzip:   5.72 kB
dist/assets/css-CFoTjh2L.js                       14.63 kB │ gzip:   5.38 kB
dist/assets/tab-Bv7tfDxz.js                       15.58 kB │ gzip:   6.35 kB
dist/assets/AdminShell-D_EJJ0kg.js                15.66 kB │ gzip:   6.04 kB
dist/assets/css-C-FeG-yw.js                       29.69 kB │ gzip:  10.07 kB
dist/assets/PeoplePage-G4QQPUF_.js                32.97 kB │ gzip:  11.40 kB
dist/assets/dist-DXagBYyE.js                      34.23 kB │ gzip:  12.37 kB
dist/assets/option-BuOBKlRU.js                    38.54 kB │ gzip:  15.28 kB
dist/assets/FullOption-BphPpRCc.js                39.91 kB │ gzip:  13.90 kB
dist/assets/css-CEuPLnIp.js                       82.32 kB │ gzip:  27.60 kB
dist/assets/css-ClT5C4Dl.js                       83.99 kB │ gzip:  29.94 kB
dist/assets/main-DculkSY8.js                      85.25 kB │ gzip:  31.52 kB
dist/assets/runtime-dom.esm-bundler-C8uFT5Ul.js  111.11 kB │ gzip:  42.72 kB
dist/assets/shadcn-BlsJwbmB.js                   147.12 kB │ gzip:  43.95 kB
dist/assets/tdesign-8kD23rWz.js                  197.91 kB │ gzip:  58.00 kB
dist/assets/browser-nZ3EKNmJ.js                  437.86 kB │ gzip: 164.51 kB

✓ built in 762ms
