
> yanxu-frontend@0.4.0 test:e2e
> playwright test


Running 27 tests using 1 worker

(node:75541) Warning: The 'NO_COLOR' env is ignored due to the 'FORCE_COLOR' env being set.
(Use `node --trace-warnings ...` to show where the warning was created)
  ✓   1 tests/e2e/design-full.spec.ts:71:3 › element完整: 录音跨端查阅、五类资料、校验、更正不重发 (13.5s)
  ✓   2 tests/e2e/design-full.spec.ts:173:3 › element完整: 共享只读、撤销、账号拒绝与手机宽度 (7.2s)
  ✓   3 tests/e2e/design-full.spec.ts:232:3 › element完整: 后台全模块、真实配置表单、异常恢复与审计 (23.2s)
  ✓   4 tests/e2e/design-full.spec.ts:71:3 › shadcn完整: 录音跨端查阅、五类资料、校验、更正不重发 (12.7s)
  ✓   5 tests/e2e/design-full.spec.ts:173:3 › shadcn完整: 共享只读、撤销、账号拒绝与手机宽度 (6.5s)
  ✓   6 tests/e2e/design-full.spec.ts:232:3 › shadcn完整: 后台全模块、真实配置表单、异常恢复与审计 (22.0s)
  ✓   7 tests/e2e/design-full.spec.ts:384:1 › 完整对比容器: 只显示A/B，切换端不丢数据，切换方案保留所选业务端 (1.9s)
  ✓   8 tests/e2e/design-full.spec.ts:414:3 › element完整: 后台窄屏与登录失效关闭权限弹窗 (1.8s)
  ✓   9 tests/e2e/design-full.spec.ts:414:3 › shadcn完整: 后台窄屏与登录失效关闭权限弹窗 (2.0s)
  ✓  10 tests/e2e/design-lab.spec.ts:21:3 › element: 真实组件扫码、暂停、保存退出和自动处理 (10.5s)
  ✓  11 tests/e2e/design-lab.spec.ts:59:3 › element: 过期码、无效员工拒绝、保存故障恢复 (6.3s)
  ✓  12 tests/e2e/design-lab.spec.ts:114:3 › element: 平板与窄屏布局 (777ms)
  ✓  13 tests/e2e/design-lab.spec.ts:21:3 › shadcn: 真实组件扫码、暂停、保存退出和自动处理 (10.6s)
  ✓  14 tests/e2e/design-lab.spec.ts:59:3 › shadcn: 过期码、无效员工拒绝、保存故障恢复 (6.1s)
  ✓  15 tests/e2e/design-lab.spec.ts:114:3 › shadcn: 平板与窄屏布局 (796ms)
  ✓  16 tests/e2e/design-lab.spec.ts:21:3 › tdesign: 真实组件扫码、暂停、保存退出和自动处理 (9.4s)
  ✓  17 tests/e2e/design-lab.spec.ts:59:3 › tdesign: 过期码、无效员工拒绝、保存故障恢复 (6.4s)
  ✓  18 tests/e2e/design-lab.spec.ts:114:3 › tdesign: 平板与窄屏布局 (811ms)
  ✓  19 tests/e2e/design-lab.spec.ts:134:1 › 对比容器切换样式、外部模拟入口、重置 (2.2s)
  ✓  20 tests/e2e/design-selection.spec.ts:2:1 › A方案确认: 根入口固定A，录音与手机后台联通 (3.9s)
  ✓  21 tests/e2e/design-selection.spec.ts:44:1 › A方案确认: 分端直达、方案锁定及历史比较入口 (612ms)
  ✓  22 tests/e2e/prototype.spec.ts:42:1 › 正式组件完成扫码、自动退出、独立队列、手机更正不重发 (11.1s)
  ✓  23 tests/e2e/prototype.spec.ts:81:1 › 扫码过期可刷新，保存故障不假退出 (4.1s)
  ✓  24 tests/e2e/prototype.spec.ts:100:1 › 手机共享、换人只读、撤销后旧链接拒绝 (2.9s)
  ✓  25 tests/e2e/prototype.spec.ts:161:1 › AI自动重试失败后管理员接管，恢复继续自动发送 (13.9s)
  ✓  26 tests/e2e/prototype.spec.ts:186:1 › 后台路由和访问组使用正式表单，取消无变更 (3.4s)
  ✓  27 tests/e2e/prototype.spec.ts:220:1 › 手机宽度、组件状态和权限错误页面 (1.1s)

  27 passed (3.1m)
